// Jest Snapshot v1, https://goo.gl/fbAQLP

exports[`should render a list with two items 1`] = `null`;
