// Jest Snapshot v1, https://goo.gl/fbAQLP

exports[`should render a list with two meal cards 1`] = `null`;
