// Jest Snapshot v1, https://goo.gl/fbAQLP

exports[`passes snapshot tests 1`] = `null`;
